// Jest Snapshot v1, https://goo.gl/fbAQLP

exports[`Probando el componente Agregar Categoria Debe de cambiar el valor de la caja de texto 1`] = `undefined`;
